(program
  (command
    (command_name
      (concatenation
        (expansion
          (variable_name))
        (word)))
    (word)
    (word)))
()
(()
 ())
(()
 a
 ())
(abc
  ((def)
   (ghi)))
